65536
65537
65538
65539
65540
65541
65542
65543
65544
65545
