ArrayList test
ArrayList
Length
20
Capacity
24
Elements
0
5
10
15
20
25
30
35
40
45
50
55
60
65
70
75
80
85
90
95
1
6
11
16
21
26
31
36
41
46
51
56
61
66
71
76
81
86
91
96
