11
0
11
1
11
22
0
22
1
22
2
33
0
33
1
33
2
33
44
0
44
1
44
2
44
3
