RuntimeError: Arithmetic operation parameter not an int