100
5
100
4
100
3
100
2
100
1
200
0
200
1
200
2
200
3
200
4
300
5
300
4
300
3
300
2
300
1
300
0
400
0
400
1
400
2
400
3
400
4
400
5
