Test 1
0
10
0
10
1
10
Test 2
1
10
1
10
2
11
Test 3
2
10
2
10
3
11
