Test 1
45
45
Test 2
45
46
Test 3
45
45
Test 4
45
45
Test 5
45
45


