0
0
0
0
1
1
0
2
2
1
0
10
1
1
11
1
2
12
0
0
0
0
1
1
0
2
2
1
0
10
1
1
11
1
2
12
