@main {
  copy1: int = const 4;
.l:
  print copy1;
}
