@main {
  sum1: int = const 7;
  print sum1;
  print sum1;
}
