@main {
  a: int = const 1;
  b: int = const 3;
  x: int = add a b;
  copy1: int = id x;
.l:
  print copy1;
}
