@main {
  x: int = const 4;
  copy1: int = id x;
.l:
  print copy1;
}
