@main {
  variable0: int = const 3;
  print variable0;
}
